       0                instructions                          D0  SR:Z  SR:N  SUM     COUNT   
    2000                CLR.W 00002018.L                       0     1     0             19   
    2006                MOVE.W 0000201a.L,D0                  19     0     0             19   
    200c                ADD.W D0,00002018.L                   19     0     0     19      19   
    2012                SUBQ.W #$1,D0                         18     0     0     19      19   
    2014                BNE.B $f6                             18     0     0     19      19   
    200c                ADD.W D0,00002018.L                   18     0     0     31      19   
    2012                SUBQ.W #$1,D0                         17     0     0     31      19   
    2014                BNE.B $f6                             17     0     0     31      19   
    200c                ADD.W D0,00002018.L                   17     0     0     48      19   
    2012                SUBQ.W #$1,D0                         16     0     0     48      19   
    2014                BNE.B $f6                             16     0     0     48      19   
    200c                ADD.W D0,00002018.L                   16     0     0     5e      19   
    2012                SUBQ.W #$1,D0                         15     0     0     5e      19   
    2014                BNE.B $f6                             15     0     0     5e      19   
    200c                ADD.W D0,00002018.L                   15     0     0     73      19   
    2012                SUBQ.W #$1,D0                         14     0     0     73      19   
    2014                BNE.B $f6                             14     0     0     73      19   
    200c                ADD.W D0,00002018.L                   14     0     0     87      19   
    2012                SUBQ.W #$1,D0                         13     0     0     87      19   
    2014                BNE.B $f6                             13     0     0     87      19   
    200c                ADD.W D0,00002018.L                   13     0     0     9a      19   
    2012                SUBQ.W #$1,D0                         12     0     0     9a      19   
    2014                BNE.B $f6                             12     0     0     9a      19   
    200c                ADD.W D0,00002018.L                   12     0     0     ac      19   
    2012                SUBQ.W #$1,D0                         11     0     0     ac      19   
    2014                BNE.B $f6                             11     0     0     ac      19   
    200c                ADD.W D0,00002018.L                   11     0     0     bd      19   
    2012                SUBQ.W #$1,D0                         10     0     0     bd      19   
    2014                BNE.B $f6                             10     0     0     bd      19   
    200c                ADD.W D0,00002018.L                   10     0     0     cd      19   
    2012                SUBQ.W #$1,D0                          f     0     0     cd      19   
    2014                BNE.B $f6                              f     0     0     cd      19   
    200c                ADD.W D0,00002018.L                    f     0     0     dc      19   
    2012                SUBQ.W #$1,D0                          e     0     0     dc      19   
    2014                BNE.B $f6                              e     0     0     dc      19   
    200c                ADD.W D0,00002018.L                    e     0     0     ea      19   
    2012                SUBQ.W #$1,D0                          d     0     0     ea      19   
    2014                BNE.B $f6                              d     0     0     ea      19   
    200c                ADD.W D0,00002018.L                    d     0     0     f7      19   
    2012                SUBQ.W #$1,D0                          c     0     0     f7      19   
    2014                BNE.B $f6                              c     0     0     f7      19   
    200c                ADD.W D0,00002018.L                    c     0     0  01 03      19   
    2012                SUBQ.W #$1,D0                          b     0     0  01 03      19   
    2014                BNE.B $f6                              b     0     0  01 03      19   
    200c                ADD.W D0,00002018.L                    b     0     0  01 0e      19   
    2012                SUBQ.W #$1,D0                          a     0     0  01 0e      19   
    2014                BNE.B $f6                              a     0     0  01 0e      19   
    200c                ADD.W D0,00002018.L                    a     0     0  01 18      19   
    2012                SUBQ.W #$1,D0                          9     0     0  01 18      19   
    2014                BNE.B $f6                              9     0     0  01 18      19   
    200c                ADD.W D0,00002018.L                    9     0     0  01 21      19   
    2012                SUBQ.W #$1,D0                          8     0     0  01 21      19   
    2014                BNE.B $f6                              8     0     0  01 21      19   
    200c                ADD.W D0,00002018.L                    8     0     0  01 29      19   
    2012                SUBQ.W #$1,D0                          7     0     0  01 29      19   
    2014                BNE.B $f6                              7     0     0  01 29      19   
    200c                ADD.W D0,00002018.L                    7     0     0  01 30      19   
    2012                SUBQ.W #$1,D0                          6     0     0  01 30      19   
    2014                BNE.B $f6                              6     0     0  01 30      19   
    200c                ADD.W D0,00002018.L                    6     0     0  01 36      19   
    2012                SUBQ.W #$1,D0                          5     0     0  01 36      19   
    2014                BNE.B $f6                              5     0     0  01 36      19   
    200c                ADD.W D0,00002018.L                    5     0     0  01 3b      19   
    2012                SUBQ.W #$1,D0                          4     0     0  01 3b      19   
    2014                BNE.B $f6                              4     0     0  01 3b      19   
    200c                ADD.W D0,00002018.L                    4     0     0  01 3f      19   
    2012                SUBQ.W #$1,D0                          3     0     0  01 3f      19   
    2014                BNE.B $f6                              3     0     0  01 3f      19   
    200c                ADD.W D0,00002018.L                    3     0     0  01 42      19   
    2012                SUBQ.W #$1,D0                          2     0     0  01 42      19   
    2014                BNE.B $f6                              2     0     0  01 42      19   
    200c                ADD.W D0,00002018.L                    2     0     0  01 44      19   
    2012                SUBQ.W #$1,D0                          1     0     0  01 44      19   
    2014                BNE.B $f6                              1     0     0  01 44      19   
    200c                ADD.W D0,00002018.L                    1     0     0  01 45      19   
    2012                SUBQ.W #$1,D0                          0     1     0  01 45      19   
    2014                BNE.B $f6                              0     1     0  01 45      19   
    2016                BREAK                                  0     1     0  01 45      19   
