00000000                                     1  * -----------------------------------------------------------
00000000                                     2  * Title         : Test procedure calls
00000000                                     3  * Written by    : Vittorio Zaccaria
00000000                                     4  * Date          : Dec 2014
00000000                                     5  * Description   : Test procedure definition and call 
00000000                                     6  * 
00000000                                     7  * License: BSD
00000000                                     8  * -----------------------------------------------------------
00000000                                     9  * (note, use tabs for spacing. Labels always on BOL)
00000000                                    10  
00002000                                    11  START			ORG $2000	
00002000  2E7C 00008000                     12  					MOVEA.L #$8000,A7
00002006  3F3C 0003                         13  					MOVE #3,-(A7)
0000200A  6100 000A                         14  					BSR FUN 
0000200E  361F                              15  					MOVE (A7)+,D3
00002010  4EB9 00002030                     16  					JSR PROGEND
00002016                                    17      
00002016                                    18  
00002016  =00000000                         19  FUN_LOCVAR_SIZE	EQU  0
00002016  =00000004                         20  FUN_PAR_SIZE 		EQU  4
00002016                                    21  
00002016  4E56 0000                         22  FUN 				LINK A6,#-1*FUN_LOCVAR_SIZE 
0000201A  48A7 FFFC                         23  					MOVEM D0-D7/A0-A5,-(A7)
0000201E                                    24  
0000201E  302E 0008                         25  					MOVE 8(A6),D0
00002022  5240                              26  					ADD #1,D0
00002024  3D40 0008                         27  					MOVE D0,8(A6)
00002028                                    28  
00002028  4C9F 3FFF                         29  					MOVEM (A7)+,D0-D7/A0-A5
0000202C  4E5E                              30  					UNLK A6
0000202E  4E75                              31  					RTS
00002030                                    32  
00002030                                    33  
00002030  4848                              34  PROGEND     BREAK    
00002032                                    35      
00002032                                    36  * ------------------------------------
00002032                                    37  * Variables 
00002032                                    38  
00002032                                    39  
00002032                                    40  
00002032                                    41  
00002032                                    42  
00002032                                    43  
00002032                                    44  
00002032                                    45  
00002032                                    46  
00002032                                    47  
00002032                                    48  
00002032                                    49  
